Microchip MPLAB XC8 Compiler V2.36

Linker command line:

-W-3 --edf=C:\Program Files\Microchip\xc8\v2.36\pic\dat\en_msgs.txt \
  -pivt0x8=08h -cn -h+dist/default/debug\mcp4921_sinus.X.debug.sym \
  --cmf=dist/default/debug\mcp4921_sinus.X.debug.cmf -z -Q18F57Q43 \
  -oC:\Users\M67732\AppData\Local\Temp\xcAsjeg.4 --defsym=__MPLAB_BUILD=1 \
  -Mdist/default/debug/mcp4921_sinus.X.debug.map \
  --md=C:\Users\M67732\AppData\Local\Temp\xcAsjeg.dat -E1 -ver=XC8 Compiler \
  --acfsm=1493 -ACODE=00h-01FFFFh -ACONST=00h-01FFFFh \
  -ASMALLCONST=02500h-025FFhx475 \
  -AMEDIUMCONST=02500h-0FFFFh,012500h-01FFFFh -ACOMRAM=0501h-055Fh \
  -AABS1=0500h-024FFh -ABIGRAM=0501h-024FFh \
  -ARAM=0560h-05FFh,0600h-06FFhx31 -ABANK5=0560h-05FFh -ABANK6=0600h-06FFh \
  -ABANK7=0700h-07FFh -ABANK8=0800h-08FFh -ABANK9=0900h-09FFh \
  -ABANK10=0A00h-0AFFh -ABANK11=0B00h-0BFFh -ABANK12=0C00h-0CFFh \
  -ABANK13=0D00h-0DFFh -ABANK14=0E00h-0EFFh -ABANK15=0F00h-0FFFh \
  -ABANK16=01000h-010FFh -ABANK17=01100h-011FFh -ABANK18=01200h-012FFh \
  -ABANK19=01300h-013FFh -ABANK20=01400h-014FFh -ABANK21=01500h-015FFh \
  -ABANK22=01600h-016FFh -ABANK23=01700h-017FFh -ABANK24=01800h-018FFh \
  -ABANK25=01900h-019FFh -ABANK26=01A00h-01AFFh -ABANK27=01B00h-01BFFh \
  -ABANK28=01C00h-01CFFh -ABANK29=01D00h-01DFFh -ABANK30=01E00h-01EFFh \
  -ABANK31=01F00h-01FFFh -ABANK32=02000h-020FFh -ABANK33=02100h-021FFh \
  -ABANK34=02200h-022FFh -ABANK35=02300h-023FFh -ABANK36=02400h-024FFh \
  -ASFR=00h-0FFhx4,0400h-045Fh,0460h-04FFh,02500h-025FFh \
  -ABIGSFR=00h-04FFh,02500h-025FFh -ACONFIG=0300000h-0300011h \
  -AIDLOC=0200000h-020003Fh -AEEDATA=0380000h-03803FFh -peeprom_data=EEDATA \
  -preset_vec=00h -ppowerup=CODE,init -pramtop=02500h \
  -psmallconst=SMALLCONST -pmediumconst=MEDIUMCONST -pconst=CONST \
  -AFARRAM=00h-00h \
  -prdata=COMRAM,nvrram=COMRAM,nvbit=COMRAM,rbss=COMRAM,rbit=COMRAM \
  -pfarbss=FARRAM,fardata=FARRAM,nvFARRAM=FARRAM \
  -pintsave_regs=BIGRAM,bigbss=BIGRAM,bigdata=BIGRAM -pbss=RAM \
  -pidata=CODE,irdata=CODE,ibigdata=CODE,ifardata=CODE -prparam=COMRAM \
  C:\Users\M67732\AppData\Local\Temp\xcAsjeg.o \
  dist/default/debug\mcp4921_sinus.X.debug.o 

Object code version is 3.11

Machine type is 18F57Q43



                Name                               Link     Load   Length Selector   Space Scale
C:\Users\M67732\AppData\Local\Temp\xcAsjeg.o
                idloc                            200000   200000       40        0       5
                config                           300000   300000        A        0       4
                init                                 1A       1A        4        4       0
                reset_vec                             0        0        4        0       0
dist/default/debug\mcp4921_sinus.X.debug.o
                idloc                            200000   200000       40        0       5
                config                           300000   300000        A        0       4
                smallconst                         2500     2500       4C     1280       0
                ivt0x8                                8        8       12        4       0
                text27                             447C     447C       22     12A6       0
                text26                             449E     449E       20     12A6       0
                text25                             430C     430C       40     12A6       0
                text24                             4528     4528        2     12A6       0
                text23                             4426     4426       32     12A6       0
                text22                             451C     451C        8     12A6       0
                text21                             4386     4386       3A     12A6       0
                text20                             40FA     40FA       D6     12A6       0
                text19                             4524     4524        4     12A6       0
                text18                             44BE     44BE       1C     12A6       0
                text17                             41D0     41D0       B6     12A6       0
                text16                             4458     4458       24     12A6       0
                text15                             44F4     44F4       1A     12A6       0
                text14                             450E     450E        E     12A6       0
                text13                             43F4     43F4       32     12A6       0
                text12                             44DA     44DA       1A     12A6       0
                text11                             2FDE     2FDE      4C0     12A6       0
                text10                             349E     349E      44E     12A6       0
                text9                              3B1E     3B1E      1FE     12A6       0
                text8                              434C     434C       3A     12A6       0
                text7                              4286     4286       46     12A6       0
                text6                              3FF4     3FF4      106     12A6       0
                text5                              3D1C     3D1C      1B4     12A6       0
                text4                              43C0     43C0       34     12A6       0
                text3                              2B06     2B06      4D8     12A6       0
                text2                              38EC     38EC      232     12A6       0
                text1                              254C     254C      5BA     12A6       0
                text0                              3ED0     3ED0      124     12A6       0
                cstackCOMRAM                        501      501       4E      501       1
                cstackBANK5                         560      560       6A      560       1
                bssBANK6                            600      600      100      600       1
                bssBANK5                            5CA      5CA        9      560       1
                bssCOMRAM                           54F      54F        6      501       1
                cinit                              42CC     42CC       40     12A6       0
                nvBANK5                             5D3      5D3        3      560       1

TOTAL           Name                               Link     Load   Length     Space
        CLASS   CODE           
                init                                 1A       1A        4         0
                reset_vec                             0        0        4         0
                ivt0x8                                8        8       12         0
                text27                             447C     447C       22         0
                text26                             449E     449E       20         0
                text25                             430C     430C       40         0
                text24                             4528     4528        2         0
                text23                             4426     4426       32         0
                text22                             451C     451C        8         0
                text21                             4386     4386       3A         0
                text20                             40FA     40FA       D6         0
                text19                             4524     4524        4         0
                text18                             44BE     44BE       1C         0
                text17                             41D0     41D0       B6         0
                text16                             4458     4458       24         0
                text15                             44F4     44F4       1A         0
                text14                             450E     450E        E         0
                text13                             43F4     43F4       32         0
                text12                             44DA     44DA       1A         0
                text11                             2FDE     2FDE      4C0         0
                text10                             349E     349E      44E         0
                text9                              3B1E     3B1E      1FE         0
                text8                              434C     434C       3A         0
                text7                              4286     4286       46         0
                text6                              3FF4     3FF4      106         0
                text5                              3D1C     3D1C      1B4         0
                text4                              43C0     43C0       34         0
                text3                              2B06     2B06      4D8         0
                text2                              38EC     38EC      232         0
                text1                              254C     254C      5BA         0
                text0                              3ED0     3ED0      124         0
                cinit                              42CC     42CC       40         0

        CLASS   CONST          

        CLASS   SMALLCONST     
                smallconst                         2500     2500       4C         0

        CLASS   MEDIUMCONST    

        CLASS   COMRAM         
                cstackCOMRAM                        501      501       4E         1
                bssCOMRAM                           54F      54F        6         1

        CLASS   ABS1           

        CLASS   BIGRAM         

        CLASS   RAM            

        CLASS   BANK5          
                cstackBANK5                         560      560       6A         1
                bssBANK5                            5CA      5CA        9         1
                nvBANK5                             5D3      5D3        3         1

        CLASS   BANK6          
                bssBANK6                            600      600      100         1

        CLASS   BANK7          

        CLASS   BANK8          

        CLASS   BANK9          

        CLASS   BANK10         

        CLASS   BANK11         

        CLASS   BANK12         

        CLASS   BANK13         

        CLASS   BANK14         

        CLASS   BANK15         

        CLASS   BANK16         

        CLASS   BANK17         

        CLASS   BANK18         

        CLASS   BANK19         

        CLASS   BANK20         

        CLASS   BANK21         

        CLASS   BANK22         

        CLASS   BANK23         

        CLASS   BANK24         

        CLASS   BANK25         

        CLASS   BANK26         

        CLASS   BANK27         

        CLASS   BANK28         

        CLASS   BANK29         

        CLASS   BANK30         

        CLASS   BANK31         

        CLASS   BANK32         

        CLASS   BANK33         

        CLASS   BANK34         

        CLASS   BANK35         

        CLASS   BANK36         

        CLASS   SFR            

        CLASS   BIGSFR         

        CLASS   CONFIG         
                config                           300000   300000        A         4

        CLASS   IDLOC          
                idloc                            200000   200000       40         5

        CLASS   EEDATA         

        CLASS   FARRAM         

        CLASS   HEAP           

        CLASS   STACK          



SEGMENTS        Name                           Load    Length   Top    Selector   Space  Class

                reset_vec                      000000  000004  000004         0       0  CODE    
                ivt0x8                         000008  000016  00001E         4       0  CODE    
                cstackCOMRAM                   000501  000054  000555       501       1  COMRAM  
                cstackBANK5                    000560  000076  0005D6       560       1  BANK5   
                bssBANK6                       000600  000100  000700       600       1  BANK6   
                smallconst                     002500  00004C  00254C      1280       0  SMALLCON
                text1                          00254C  001FDE  00452A      12A6       0  CODE    


UNUSED ADDRESS RANGES

        Name                Unused          Largest block    Delta
        BANK10           000A00-000AFF              100
        BANK11           000B00-000BFF              100
        BANK12           000C00-000CFF              100
        BANK13           000D00-000DFF              100
        BANK14           000E00-000EFF              100
        BANK15           000F00-000FFF              100
        BANK16           001000-0010FF              100
        BANK17           001100-0011FF              100
        BANK18           001200-0012FF              100
        BANK19           001300-0013FF              100
        BANK20           001400-0014FF              100
        BANK21           001500-0015FF              100
        BANK22           001600-0016FF              100
        BANK23           001700-0017FF              100
        BANK24           001800-0018FF              100
        BANK25           001900-0019FF              100
        BANK26           001A00-001AFF              100
        BANK27           001B00-001BFF              100
        BANK28           001C00-001CFF              100
        BANK29           001D00-001DFF              100
        BANK30           001E00-001EFF              100
        BANK31           001F00-001FFF              100
        BANK32           002000-0020FF              100
        BANK33           002100-0021FF              100
        BANK34           002200-0022FF              100
        BANK35           002300-0023FF              100
        BANK36           002400-0024FF              100
        BANK5            0005D6-0005FF               2A
        BANK7            000700-0007FF              100
        BANK8            000800-0008FF              100
        BANK9            000900-0009FF              100
        BIGRAM           000555-00055F                B
                         0005D6-0005FF               2A
                         000700-0024FF             1E00
        BIGSFR           000000-0004FF              500
                         002500-0025FF              100
        CODE             000004-000007                4
                         00001E-0024FF             24E2
                         00452A-01FFFF            1BAD6
        COMRAM           000555-00055F                B
        CONFIG           30000A-300011                8
        CONST            000004-000007                4
                         00001E-0024FF             24E2
                         00452A-01FFFF            1BAD6
        EEDATA           380000-3803FF              400
        MEDIUMCONST      00452A-00FFFF             BAD6
                         012500-01FFFF             DB00
        RAM              0005D6-0005FF               2A
                         000700-0024FF              100
        SFR              000000-0004FF              100
                         002500-0025FF              100
        SMALLCONST       00452A-01FFFF              100

                                  Symbol Table

?___cosdf                                 cstackCOMRAM 00053D
?___fladd                                 cstackCOMRAM 00052D
?___flmul                                 cstackCOMRAM 000514
?___flneg                                 cstackBANK5  000578
?___flsub                                 cstackCOMRAM 00053D
?___fltol                                 cstackCOMRAM 00053D
?___rem_pio2f                             cstackBANK5  00057C
?___sindf                                 cstackBANK5  00057C
?___xxtofl                                cstackCOMRAM 000506
?_fabsf                                   cstackCOMRAM 000506
?_sinf                                    cstackBANK5  0005A0
IVTBASEH                                  (abs)        00045E
IVTBASEL                                  (abs)        00045D
IVTBASEU                                  (abs)        00045F
SPI1_ExchangeByte@data                    cstackCOMRAM 000501
SPI1_Open@spi1UniqueConfiguration         cstackCOMRAM 000507
TMR2_SetInterruptHandler@InterruptHandler cstackCOMRAM 000506
_ACTCON                                   (abs)        0000AC
_ANSELA                                   (abs)        000400
_ANSELB                                   (abs)        000408
_ANSELC                                   (abs)        000410
_ANSELD                                   (abs)        000418
_ANSELE                                   (abs)        000420
_ANSELF                                   (abs)        000428
_INLVLA                                   (abs)        000404
_INLVLB                                   (abs)        00040C
_INLVLC                                   (abs)        000414
_INLVLD                                   (abs)        00041C
_INLVLE                                   (abs)        000424
_INLVLF                                   (abs)        00042C
_INTCON0bits                              (abs)        0004D6
_INTERRUPT_Initialize                     text19       004524
_INTERRUPT_InterruptManager               text21       004386
_LATA                                     (abs)        0004BE
_LATB                                     (abs)        0004BF
_LATC                                     (abs)        0004C0
_LATD                                     (abs)        0004C1
_LATDbits                                 (abs)        0004C1
_LATE                                     (abs)        0004C2
_LATF                                     (abs)        0004C3
_LATFbits                                 (abs)        0004C3
_ODCONA                                   (abs)        000402
_ODCONB                                   (abs)        00040A
_ODCONC                                   (abs)        000412
_ODCOND                                   (abs)        00041A
_ODCONE                                   (abs)        000422
_ODCONF                                   (abs)        00042A
_OSCCON1                                  (abs)        0000AD
_OSCCON3                                  (abs)        0000AF
_OSCEN                                    (abs)        0000B3
_OSCFRQ                                   (abs)        0000B1
_OSCILLATOR_Initialize                    text18       0044BE
_OSCTUNE                                  (abs)        0000B0
_PIE3bits                                 (abs)        0004A1
_PIN_MANAGER_Initialize                   text17       0041D0
_PIR3bits                                 (abs)        0004B1
_PMD0                                     (abs)        000060
_PMD1                                     (abs)        000061
_PMD3                                     (abs)        000063
_PMD4                                     (abs)        000064
_PMD5                                     (abs)        000065
_PMD6                                     (abs)        000066
_PMD7                                     (abs)        000067
_PMD8                                     (abs)        000068
_PMD_Initialize                           text16       004458
_PR2                                      (abs)        000323
_RB1I2C                                   (abs)        000289
_RB2I2C                                   (abs)        000288
_RC3I2C                                   (abs)        000287
_RC4I2C                                   (abs)        000286
_RC4PPS                                   (abs)        000215
_RC6PPS                                   (abs)        000217
_SLRCONA                                  (abs)        000403
_SLRCONB                                  (abs)        00040B
_SLRCONC                                  (abs)        000413
_SLRCOND                                  (abs)        00041B
_SLRCONE                                  (abs)        000423
_SLRCONF                                  (abs)        00042B
_SPI1BAUD                                 (abs)        000089
_SPI1CLK                                  (abs)        00008C
_SPI1CON0                                 (abs)        000084
_SPI1CON0bits                             (abs)        000084
_SPI1CON1                                 (abs)        000085
_SPI1CON2                                 (abs)        000086
_SPI1RXB                                  (abs)        000080
_SPI1SCKPPS                               (abs)        00026A
_SPI1SDIPPS                               (abs)        00026B
_SPI1TCNTL                                (abs)        000082
_SPI1TXB                                  (abs)        000081
_SPI1_ExchangeByte                        text27       00447C
_SPI1_Initialize                          text15       0044F4
_SPI1_Open                                text20       0040FA
_SYSTEM_Initialize                        text12       0044DA
_T2CLKCON                                 (abs)        000326
_T2CON                                    (abs)        000324
_T2CONbits                                (abs)        000324
_T2HLT                                    (abs)        000325
_T2HLTbits                                (abs)        000325
_T2PR                                     (abs)        000323
_T2RST                                    (abs)        000327
_T2RSTbits                                (abs)        000327
_T2TMR                                    (abs)        000322
_TMR2                                     (abs)        000322
_TMR2_CallBack                            text23       004426
_TMR2_DefaultInterruptHandler             text24       004528
_TMR2_ISR                                 text22       00451C
_TMR2_Initialize                          text13       0043F4
_TMR2_InterruptHandler                    nvBANK5      0005D3
_TMR2_SetInterruptHandler                 text14       00450E
_TRISA                                    (abs)        0004C6
_TRISB                                    (abs)        0004C7
_TRISC                                    (abs)        0004C8
_TRISCbits                                (abs)        0004C8
_TRISD                                    (abs)        0004C9
_TRISE                                    (abs)        0004CA
_TRISF                                    (abs)        0004CB
_WPUA                                     (abs)        000401
_WPUB                                     (abs)        000409
_WPUC                                     (abs)        000411
_WPUD                                     (abs)        000419
_WPUE                                     (abs)        000421
_WPUF                                     (abs)        000429
__HRAM                                    (abs)        000000
__Habs1                                   abs1         000000
__Hbank10                                 bank10       000000
__Hbank11                                 bank11       000000
__Hbank12                                 bank12       000000
__Hbank13                                 bank13       000000
__Hbank14                                 bank14       000000
__Hbank15                                 bank15       000000
__Hbank16                                 bank16       000000
__Hbank17                                 bank17       000000
__Hbank18                                 bank18       000000
__Hbank19                                 bank19       000000
__Hbank20                                 bank20       000000
__Hbank21                                 bank21       000000
__Hbank22                                 bank22       000000
__Hbank23                                 bank23       000000
__Hbank24                                 bank24       000000
__Hbank25                                 bank25       000000
__Hbank26                                 bank26       000000
__Hbank27                                 bank27       000000
__Hbank28                                 bank28       000000
__Hbank29                                 bank29       000000
__Hbank30                                 bank30       000000
__Hbank31                                 bank31       000000
__Hbank32                                 bank32       000000
__Hbank33                                 bank33       000000
__Hbank34                                 bank34       000000
__Hbank35                                 bank35       000000
__Hbank36                                 bank36       000000
__Hbank5                                  bank5        000000
__Hbank6                                  bank6        000000
__Hbank7                                  bank7        000000
__Hbank8                                  bank8        000000
__Hbank9                                  bank9        000000
__Hbigbss                                 bigbss       000000
__Hbigdata                                bigdata      000000
__Hbigram                                 bigram       000000
__Hbigsfr                                 bigsfr       000000
__Hbss                                    bss          000000
__HbssBANK5                               bssBANK5     000000
__HbssBANK6                               bssBANK6     000000
__HbssCOMRAM                              bssCOMRAM    000000
__Hcinit                                  cinit        000000
__Hclrtext                                clrtext      000000
__Hcomram                                 comram       000000
__Hconfig                                 config       30000A
__Hconst                                  const        000000
__HcstackBANK5                            cstackBANK5  000000
__HcstackCOMRAM                           cstackCOMRAM 000000
__Hdata                                   data         000000
__Heeprom_data                            eeprom_data  000000
__Hfarbss                                 farbss       000000
__Hfardata                                fardata      000000
__Hheap                                   heap         000000
__Hibigdata                               ibigdata     000000
__Hidata                                  idata        000000
__Hidloc                                  idloc        200040
__Hifardata                               ifardata     000000
__Hinit                                   init         00001E
__Hintsave_regs                           intsave_regs 000000
__Hirdata                                 irdata       000000
__Hivt0x8                                 ivt0x8       00001A
__Hmediumconst                            mediumconst  000000
__HnvBANK5                                nvBANK5      000000
__HnvFARRAM                               nvFARRAM     000000
__Hnvbit                                  nvbit        000000
__Hnvrram                                 nvrram       000000
__Hparam                                  rparam       000000
__Hpowerup                                powerup      000000
__Hram                                    ram          000000
__Hramtop                                 ramtop       002500
__Hrbit                                   rbit         000000
__Hrbss                                   rbss         000000
__Hrdata                                  rdata        000000
__Hreset_vec                              reset_vec    000004
__Hrparam                                 rparam       000000
__Hsfr                                    sfr          000000
__Hsmallconst                             smallconst   00254C
__Hspace_0                                (abs)        00452A
__Hspace_1                                (abs)        000700
__Hspace_2                                (abs)        000000
__Hspace_4                                (abs)        60000A
__Hstack                                  stack        000000
__Hstruct                                 struct       000000
__Htemp                                   temp         000000
__Htext                                   text         000000
__Htext0                                  text0        000000
__Htext1                                  text1        000000
__Htext10                                 text10       000000
__Htext11                                 text11       000000
__Htext12                                 text12       000000
__Htext13                                 text13       000000
__Htext14                                 text14       000000
__Htext15                                 text15       000000
__Htext16                                 text16       000000
__Htext17                                 text17       000000
__Htext18                                 text18       000000
__Htext19                                 text19       000000
__Htext2                                  text2        000000
__Htext20                                 text20       000000
__Htext21                                 text21       000000
__Htext22                                 text22       000000
__Htext23                                 text23       000000
__Htext24                                 text24       000000
__Htext25                                 text25       000000
__Htext26                                 text26       000000
__Htext27                                 text27       000000
__Htext28                                 text28       000000
__Htext3                                  text3        000000
__Htext4                                  text4        000000
__Htext5                                  text5        000000
__Htext6                                  text6        000000
__Htext7                                  text7        000000
__Htext8                                  text8        000000
__Htext9                                  text9        000000
__LRAM                                    (abs)        000001
__Labs1                                   abs1         000000
__Lbank10                                 bank10       000000
__Lbank11                                 bank11       000000
__Lbank12                                 bank12       000000
__Lbank13                                 bank13       000000
__Lbank14                                 bank14       000000
__Lbank15                                 bank15       000000
__Lbank16                                 bank16       000000
__Lbank17                                 bank17       000000
__Lbank18                                 bank18       000000
__Lbank19                                 bank19       000000
__Lbank20                                 bank20       000000
__Lbank21                                 bank21       000000
__Lbank22                                 bank22       000000
__Lbank23                                 bank23       000000
__Lbank24                                 bank24       000000
__Lbank25                                 bank25       000000
__Lbank26                                 bank26       000000
__Lbank27                                 bank27       000000
__Lbank28                                 bank28       000000
__Lbank29                                 bank29       000000
__Lbank30                                 bank30       000000
__Lbank31                                 bank31       000000
__Lbank32                                 bank32       000000
__Lbank33                                 bank33       000000
__Lbank34                                 bank34       000000
__Lbank35                                 bank35       000000
__Lbank36                                 bank36       000000
__Lbank5                                  bank5        000000
__Lbank6                                  bank6        000000
__Lbank7                                  bank7        000000
__Lbank8                                  bank8        000000
__Lbank9                                  bank9        000000
__Lbigbss                                 bigbss       000000
__Lbigdata                                bigdata      000000
__Lbigram                                 bigram       000000
__Lbigsfr                                 bigsfr       000000
__Lbss                                    bss          000000
__LbssBANK5                               bssBANK5     000000
__LbssBANK6                               bssBANK6     000000
__LbssCOMRAM                              bssCOMRAM    000000
__Lcinit                                  cinit        000000
__Lclrtext                                clrtext      000000
__Lcomram                                 comram       000000
__Lconfig                                 config       000000
__Lconst                                  const        000000
__LcstackBANK5                            cstackBANK5  000000
__LcstackCOMRAM                           cstackCOMRAM 000000
__Ldata                                   data         000000
__Leeprom_data                            eeprom_data  000000
__Lfarbss                                 farbss       000000
__Lfardata                                fardata      000000
__Lheap                                   heap         000000
__Libigdata                               ibigdata     000000
__Lidata                                  idata        000000
__Lidloc                                  idloc        000000
__Lifardata                               ifardata     000000
__Linit                                   init         00001A
__Lintsave_regs                           intsave_regs 000000
__Lirdata                                 irdata       000000
__Livt0x8                                 ivt0x8       000008
__Lmediumconst                            mediumconst  000000
__LnvBANK5                                nvBANK5      000000
__LnvFARRAM                               nvFARRAM     000000
__Lnvbit                                  nvbit        000000
__Lnvrram                                 nvrram       000000
__Lparam                                  rparam       000000
__Lpowerup                                powerup      000000
__Lram                                    ram          000000
__Lramtop                                 ramtop       002500
__Lrbit                                   rbit         000000
__Lrbss                                   rbss         000000
__Lrdata                                  rdata        000000
__Lreset_vec                              reset_vec    000000
__Lrparam                                 rparam       000000
__Lsfr                                    sfr          000000
__Lsmallconst                             smallconst   002500
__Lspace_0                                (abs)        000000
__Lspace_1                                (abs)        000000
__Lspace_2                                (abs)        000000
__Lspace_4                                (abs)        000000
__Lstack                                  stack        000000
__Lstruct                                 struct       000000
__Ltemp                                   temp         000000
__Ltext                                   text         000000
__Ltext0                                  text0        000000
__Ltext1                                  text1        000000
__Ltext10                                 text10       000000
__Ltext11                                 text11       000000
__Ltext12                                 text12       000000
__Ltext13                                 text13       000000
__Ltext14                                 text14       000000
__Ltext15                                 text15       000000
__Ltext16                                 text16       000000
__Ltext17                                 text17       000000
__Ltext18                                 text18       000000
__Ltext19                                 text19       000000
__Ltext2                                  text2        000000
__Ltext20                                 text20       000000
__Ltext21                                 text21       000000
__Ltext22                                 text22       000000
__Ltext23                                 text23       000000
__Ltext24                                 text24       000000
__Ltext25                                 text25       000000
__Ltext26                                 text26       000000
__Ltext27                                 text27       000000
__Ltext28                                 text28       000000
__Ltext3                                  text3        000000
__Ltext4                                  text4        000000
__Ltext5                                  text5        000000
__Ltext6                                  text6        000000
__Ltext7                                  text7        000000
__Ltext8                                  text8        000000
__Ltext9                                  text9        000000
__S0                                      (abs)        00452A
__S1                                      (abs)        000700
__S4                                      (abs)        000000
__S5                                      (abs)        000000
___cosdf                                  text9        003B1E
___cosdf$1521                             cstackBANK5  000564
___cosdf$1522                             cstackBANK5  000568
___cosdf$1523                             cstackBANK5  00056C
___cosdf@r                                cstackBANK5  000560
___cosdf@w                                cstackBANK5  000570
___cosdf@x                                cstackCOMRAM 00053D
___cosdf@z                                cstackBANK5  000574
___fladd                                  text11       002FDE
___fladd@a                                cstackCOMRAM 000531
___fladd@aexp                             cstackCOMRAM 00053A
___fladd@b                                cstackCOMRAM 00052D
___fladd@bexp                             cstackCOMRAM 00053B
___fladd@grs                              cstackCOMRAM 00053C
___fladd@signs                            cstackCOMRAM 000539
___flmul                                  text10       00349E
___flmul@a                                cstackCOMRAM 000518
___flmul@aexp                             cstackCOMRAM 000521
___flmul@b                                cstackCOMRAM 000514
___flmul@bexp                             cstackCOMRAM 000526
___flmul@grs                              cstackCOMRAM 000522
___flmul@prod                             cstackCOMRAM 000527
___flmul@sign                             cstackCOMRAM 000520
___flmul@temp                             cstackCOMRAM 00052B
___flneg                                  text8        00434C
___flneg@f1                               cstackBANK5  000578
___flsub                                  text7        004286
___flsub@a                                cstackCOMRAM 000541
___flsub@b                                cstackCOMRAM 00053D
___fltol                                  text6        003FF4
___fltol@exp1                             cstackCOMRAM 000546
___fltol@f1                               cstackCOMRAM 00053D
___fltol@sign1                            cstackCOMRAM 000545
___heap_hi                                (abs)        000000
___heap_lo                                (abs)        000000
___inthi_sp                               stack        000000
___intlo_sp                               stack        000000
___param_bank                             (abs)        000000
___rem_pio2f                              text3        002B06
___rem_pio2f$1524                         cstackBANK5  000590
___rem_pio2f@F532                         bssBANK5     0005CE
___rem_pio2f@fn                           cstackBANK5  000594
___rem_pio2f@ix                           cstackBANK5  000586
___rem_pio2f@n                            cstackBANK5  00059C
___rem_pio2f@sign                         cstackBANK5  00058A
___rem_pio2f@t                            cstackBANK5  000598
___rem_pio2f@ty                           cstackBANK5  000582
___rem_pio2f@u                            cstackBANK5  00058C
___rem_pio2f@x                            cstackBANK5  00057C
___rem_pio2f@y                            cstackBANK5  000580
___rparam_used                            (abs)        000001
___sindf                                  text2        0038EC
___sindf$1525                             cstackBANK5  000588
___sindf$1526                             cstackBANK5  00058C
___sindf$1527                             cstackBANK5  000590
___sindf@r                                cstackBANK5  000580
___sindf@s                                cstackBANK5  000594
___sindf@w                                cstackBANK5  000584
___sindf@x                                cstackBANK5  00057C
___sindf@z                                cstackBANK5  000598
___sp                                     stack        000000
___xxtofl                                 text5        003D1C
___xxtofl@arg                             cstackCOMRAM 000510
___xxtofl@exp                             cstackCOMRAM 00050F
___xxtofl@sign                            cstackCOMRAM 00050E
___xxtofl@val                             cstackCOMRAM 000506
__accesstop                               (abs)        000560
__activetblptr                            (abs)        000003
__end_of_C0                               smallconst   00253A
__end_of_C1                               smallconst   002536
__end_of_C2                               smallconst   002532
__end_of_C3                               smallconst   00252E
__end_of_INTERRUPT_Initialize             text19       004528
__end_of_INTERRUPT_InterruptManager       text21       0043C0
__end_of_OSCILLATOR_Initialize            text18       0044DA
__end_of_PIN_MANAGER_Initialize           text17       004286
__end_of_PMD_Initialize                   text16       00447C
__end_of_S1                               smallconst   002516
__end_of_S2                               smallconst   002512
__end_of_S3                               smallconst   00250E
__end_of_S4                               smallconst   00250A
__end_of_SPI1_ExchangeByte                text27       00449E
__end_of_SPI1_Initialize                  text15       00450E
__end_of_SPI1_Open                        text20       0041D0
__end_of_SYSTEM_Initialize                text12       0044F4
__end_of_TMR2_CallBack                    text23       004458
__end_of_TMR2_DefaultInterruptHandler     text24       00452A
__end_of_TMR2_ISR                         text22       004524
__end_of_TMR2_Initialize                  text13       004426
__end_of_TMR2_SetInterruptHandler         text14       00451C
__end_of___cosdf                          text9        003D1C
__end_of___fladd                          text11       00349E
__end_of___flmul                          text10       0038EC
__end_of___flneg                          text8        004386
__end_of___flsub                          text7        0042CC
__end_of___fltol                          text6        0040FA
__end_of___rem_pio2f                      text3        002FDE
__end_of___sindf                          text2        003B1E
__end_of___xxtofl                         text5        003ED0
__end_of__initialization                  cinit        004306
__end_of_dac                              text26       0044BE
__end_of_fabsf                            text4        0043F4
__end_of_half                             smallconst   002526
__end_of_invpio2                          smallconst   002522
__end_of_main                             text0        003FF4
__end_of_pio2_1                           smallconst   00251E
__end_of_pio2_1t                          smallconst   00251A
__end_of_s1pio2                           smallconst   00254A
__end_of_s2pio2                           smallconst   002546
__end_of_s3pio2                           smallconst   002542
__end_of_s4pio2                           smallconst   00253E
__end_of_sinf                             text1        002B06
__end_of_spi1_configuration               smallconst   002506
__end_of_toint                            smallconst   00252A
__end_of_updateDac                        text25       00434C
__initialization                          cinit        0042CC
__mediumconst                             mediumconst  000000
__pbssBANK5                               bssBANK5     0005CA
__pbssBANK6                               bssBANK6     000600
__pbssCOMRAM                              bssCOMRAM    00054F
__pcinit                                  cinit        0042CC
__pcstackBANK5                            cstackBANK5  000560
__pcstackCOMRAM                           cstackCOMRAM 000501
__pivt0x8                                 ivt0x8       000008
__pnvBANK5                                nvBANK5      0005D3
__psmallconst                             smallconst   002500
__ptext0                                  text0        003ED0
__ptext1                                  text1        00254C
__ptext10                                 text10       00349E
__ptext11                                 text11       002FDE
__ptext12                                 text12       0044DA
__ptext13                                 text13       0043F4
__ptext14                                 text14       00450E
__ptext15                                 text15       0044F4
__ptext16                                 text16       004458
__ptext17                                 text17       0041D0
__ptext18                                 text18       0044BE
__ptext19                                 text19       004524
__ptext2                                  text2        0038EC
__ptext20                                 text20       0040FA
__ptext21                                 text21       004386
__ptext22                                 text22       00451C
__ptext23                                 text23       004426
__ptext24                                 text24       004528
__ptext25                                 text25       00430C
__ptext26                                 text26       00449E
__ptext27                                 text27       00447C
__ptext28                                 text28       000000
__ptext3                                  text3        002B06
__ptext4                                  text4        0043C0
__ptext5                                  text5        003D1C
__ptext6                                  text6        003FF4
__ptext7                                  text7        004286
__ptext8                                  text8        00434C
__ptext9                                  text9        003B1E
__ramtop                                  ramtop       002500
__smallconst                              smallconst   002500
_dac                                      text26       00449E
_fabsf                                    text4        0043C0
_i                                        bssBANK5     0005D2
_main                                     text0        003ED0
_main$1518                                cstackBANK5  0005C2
_main$1519                                cstackBANK5  0005C6
_sinf                                     text1        00254C
_sinf$1222                                cstackBANK5  0005AC
_sinf$1223                                cstackBANK5  0005B0
_sinf$1520                                cstackBANK5  0005B6
_sins                                     bssBANK6     000600
_spi1_configuration                       smallconst   002501
_test                                     bssCOMRAM    00054F
_u8count                                  bssCOMRAM    000553
_u8temp                                   bssCOMRAM    000554
_u8value                                  bssCOMRAM    000551
_updateDac                                text25       00430C
dac@value                                 cstackCOMRAM 000502
end_of_initialization                     cinit        004306
fabsf@F465                                bssBANK5     0005CA
fabsf@u                                   cstackCOMRAM 00050A
fabsf@x                                   cstackCOMRAM 000506
intlevel0                                 text         000000
intlevel1                                 text         000000
intlevel2                                 text         000000
intlevel3                                 text         000000
isa$std                                   (abs)        000001
isa$xinst                                 (abs)        000000
ivt0x8_base                               ivt0x8       000008
sinf@__xc8_float_word                     cstackBANK5  0005A8
sinf@ix                                   cstackBANK5  0005BE
sinf@n                                    cstackBANK5  0005A4
sinf@sign                                 cstackBANK5  0005B4
sinf@x                                    cstackBANK5  0005A0
sinf@y                                    cstackBANK5  0005BA
stackhi                                   (abs)        000000
stacklo                                   (abs)        000000
start                                     init         00001A
start_initialization                      cinit        0042CC


MODULE INFORMATION

Module		Function		Class		Link	Load	Size
C:\Program Files\Microchip\xc8\v2.36\pic\sources\c99\common\__cosdf.c
		___cosdf       		CODE           	3B1E	0000	510

C:\Program Files\Microchip\xc8\v2.36\pic\sources\c99\common\__cosdf.c estimated size: 510

C:\Program Files\Microchip\xc8\v2.36\pic\sources\c99\common\sprcmul.c
		___flmul       		CODE           	349E	0000	1102

C:\Program Files\Microchip\xc8\v2.36\pic\sources\c99\common\sprcmul.c estimated size: 1102

C:\Program Files\Microchip\xc8\v2.36\pic\sources\c99\common\__sindf.c
		___sindf       		CODE           	38EC	0000	562

C:\Program Files\Microchip\xc8\v2.36\pic\sources\c99\common\__sindf.c estimated size: 562

mcc_generated_files/tmr2.c
		_TMR2_ISR      		CODE           	451C	0000	8
		_TMR2_Initialize		CODE           	43F4	0000	50
		_TMR2_SetInterruptHandler		CODE           	450E	0000	14
		_TMR2_DefaultInterruptHandler		CODE           	4528	0000	2
		_TMR2_CallBack 		CODE           	4426	0000	50

mcc_generated_files/tmr2.c estimated size: 124

mcc_generated_files/interrupt_manager.c
		_INTERRUPT_Initialize		CODE           	4524	0000	4
		_INTERRUPT_InterruptManager		CODE           	4386	0000	58

mcc_generated_files/interrupt_manager.c estimated size: 62

C:\Program Files\Microchip\xc8\v2.36\pic\sources\c99\common\xxtofl.c
		___xxtofl      		CODE           	3D1C	0000	436

C:\Program Files\Microchip\xc8\v2.36\pic\sources\c99\common\xxtofl.c estimated size: 436

mcc_generated_files/pin_manager.c
		_PIN_MANAGER_Initialize		CODE           	41D0	0000	182

mcc_generated_files/pin_manager.c estimated size: 182

mcc_generated_files/spi1.c
		_SPI1_Open     		CODE           	40FA	0000	214
		_SPI1_Initialize		CODE           	44F4	0000	26
		_SPI1_ExchangeByte		CODE           	447C	0000	34

mcc_generated_files/spi1.c estimated size: 274

C:\Program Files\Microchip\xc8\v2.36\pic\sources\c99\common\sprcadd.c
		___flsub       		CODE           	4286	0000	70
		___fladd       		CODE           	2FDE	0000	1216

C:\Program Files\Microchip\xc8\v2.36\pic\sources\c99\common\sprcadd.c estimated size: 1286

C:\Program Files\Microchip\xc8\v2.36\pic\sources\c99\common\sinf.c
		_sinf          		CODE           	254C	0000	1466

C:\Program Files\Microchip\xc8\v2.36\pic\sources\c99\common\sinf.c estimated size: 1466

C:\Program Files\Microchip\xc8\v2.36\pic\sources\c99\common\fltol.c
		___fltol       		CODE           	3FF4	0000	262

C:\Program Files\Microchip\xc8\v2.36\pic\sources\c99\common\fltol.c estimated size: 262

shared
		_S1            		SMALLCONST     	0000	0000	0
		_S2            		SMALLCONST     	0000	0000	0
		_S3            		SMALLCONST     	0000	0000	0
		_S4            		SMALLCONST     	0000	0000	0
		_s1pio2        		SMALLCONST     	0000	0000	0
		__initialization		CODE           	42CC	0000	58
		_s2pio2        		SMALLCONST     	0000	0000	0
		_s3pio2        		SMALLCONST     	0000	0000	0
		_s4pio2        		SMALLCONST     	0000	0000	0
		_pio2_1t       		SMALLCONST     	0000	0000	0
		_toint         		SMALLCONST     	0000	0000	0
		_half          		SMALLCONST     	0000	0000	0
		_pio2_1        		SMALLCONST     	0000	0000	0
		_C0            		SMALLCONST     	0000	0000	0
		_C1            		SMALLCONST     	0000	0000	0
		_C2            		SMALLCONST     	0000	0000	0
		_C3            		SMALLCONST     	0000	0000	0
		_invpio2       		SMALLCONST     	0000	0000	0
		_spi1_configuration		SMALLCONST     	2501	0000	5

shared estimated size: 63

mcc_generated_files/mcc.c
		_PMD_Initialize		CODE           	4458	0000	36
		_OSCILLATOR_Initialize		CODE           	44BE	0000	28
		_SYSTEM_Initialize		CODE           	44DA	0000	26

mcc_generated_files/mcc.c estimated size: 90

C:\Program Files\Microchip\xc8\v2.36\pic\sources\c99\common\__rem_pio2f.c
		___rem_pio2f   		CODE           	2B06	0000	1240

C:\Program Files\Microchip\xc8\v2.36\pic\sources\c99\common\__rem_pio2f.c estimated size: 1240

main.c
		_main          		CODE           	3ED0	0000	292
		_dac           		CODE           	449E	0000	32
		_updateDac     		CODE           	430C	0000	64

main.c estimated size: 388

C:\Program Files\Microchip\xc8\v2.36\pic\sources\c99\common\flneg.c
		___flneg       		CODE           	434C	0000	58

C:\Program Files\Microchip\xc8\v2.36\pic\sources\c99\common\flneg.c estimated size: 58

C:\Program Files\Microchip\xc8\v2.36\pic\sources\c99\common\fabsf.c
		_fabsf         		CODE           	43C0	0000	52

C:\Program Files\Microchip\xc8\v2.36\pic\sources\c99\common\fabsf.c estimated size: 52

