Microchip MPLAB XC8 Compiler V2.36

Linker command line:

-W-3 --edf=C:\Program Files\Microchip\xc8\v2.36\pic\dat\en_msgs.txt \
  -pivt0x8=08h -cn \
  -h+dist/default/production\mcp4921_sinus.X.production.sym \
  --cmf=dist/default/production\mcp4921_sinus.X.production.cmf -z \
  -Q18F57Q43 -oC:\Users\M67732\AppData\Local\Temp\xcAsa8.4 \
  --defsym=__MPLAB_BUILD=1 \
  -Mdist/default/production/mcp4921_sinus.X.production.map \
  --md=C:\Users\M67732\AppData\Local\Temp\xcAsa8.dat -E1 -ver=XC8 Compiler \
  --acfsm=1493 -ACODE=00h-01FFFFh -ACONST=00h-01FFFFh \
  -ASMALLCONST=02500h-025FFhx475 \
  -AMEDIUMCONST=02500h-0FFFFh,012500h-01FFFFh -ACOMRAM=0501h-055Fh \
  -AABS1=0500h-024FFh -ABIGRAM=0501h-024FFh \
  -ARAM=0560h-05FFh,0600h-06FFhx31 -ABANK5=0560h-05FFh -ABANK6=0600h-06FFh \
  -ABANK7=0700h-07FFh -ABANK8=0800h-08FFh -ABANK9=0900h-09FFh \
  -ABANK10=0A00h-0AFFh -ABANK11=0B00h-0BFFh -ABANK12=0C00h-0CFFh \
  -ABANK13=0D00h-0DFFh -ABANK14=0E00h-0EFFh -ABANK15=0F00h-0FFFh \
  -ABANK16=01000h-010FFh -ABANK17=01100h-011FFh -ABANK18=01200h-012FFh \
  -ABANK19=01300h-013FFh -ABANK20=01400h-014FFh -ABANK21=01500h-015FFh \
  -ABANK22=01600h-016FFh -ABANK23=01700h-017FFh -ABANK24=01800h-018FFh \
  -ABANK25=01900h-019FFh -ABANK26=01A00h-01AFFh -ABANK27=01B00h-01BFFh \
  -ABANK28=01C00h-01CFFh -ABANK29=01D00h-01DFFh -ABANK30=01E00h-01EFFh \
  -ABANK31=01F00h-01FFFh -ABANK32=02000h-020FFh -ABANK33=02100h-021FFh \
  -ABANK34=02200h-022FFh -ABANK35=02300h-023FFh -ABANK36=02400h-024FFh \
  -ASFR=00h-0FFhx4,0400h-045Fh,0460h-04FFh,02500h-025FFh \
  -ABIGSFR=00h-04FFh,02500h-025FFh -ACONFIG=0300000h-0300011h \
  -AIDLOC=0200000h-020003Fh -AEEDATA=0380000h-03803FFh -peeprom_data=EEDATA \
  -preset_vec=00h -ppowerup=CODE,init -pramtop=02500h \
  -psmallconst=SMALLCONST -pmediumconst=MEDIUMCONST -pconst=CONST \
  -AFARRAM=00h-00h \
  -prdata=COMRAM,nvrram=COMRAM,nvbit=COMRAM,rbss=COMRAM,rbit=COMRAM \
  -pfarbss=FARRAM,fardata=FARRAM,nvFARRAM=FARRAM \
  -pintsave_regs=BIGRAM,bigbss=BIGRAM,bigdata=BIGRAM -pbss=RAM \
  -pidata=CODE,irdata=CODE,ibigdata=CODE,ifardata=CODE -prparam=COMRAM \
  C:\Users\M67732\AppData\Local\Temp\xcAsa8.o \
  dist/default/production\mcp4921_sinus.X.production.o 

Object code version is 3.11

Machine type is 18F57Q43



                Name                               Link     Load   Length Selector   Space Scale
C:\Users\M67732\AppData\Local\Temp\xcAsa8.o
                idloc                            200000   200000       40        0       5
                config                           300000   300000        A        0       4
                init                                 1A       1A        4        4       0
                reset_vec                             0        0        4        0       0
dist/default/production\mcp4921_sinus.X.production.o
                idloc                            200000   200000       40        0       5
                config                           300000   300000        A        0       4
                smallconst                         2500     2500        8     1280       0
                ivt0x8                                8        8       12        4       0
                text16                             2902     2902       22     2508       0
                text15                             2924     2924       20     2508       0
                text14                             27D8     27D8       40     2508       0
                text13                             29AE     29AE        2     2508       0
                text12                             2884     2884       30     2508       0
                text11                             29A2     29A2        8     2508       0
                text10                             2818     2818       3A     2508       0
                text9                              2608     2608       D6     2508       0
                text8                              29AA     29AA        4     2508       0
                text7                              2944     2944       1C     2508       0
                text6                              26DE     26DE       B6     2508       0
                text5                              28DE     28DE       24     2508       0
                text4                              297A     297A       1A     2508       0
                text3                              2994     2994        E     2508       0
                text2                              2852     2852       32     2508       0
                text1                              2960     2960       1A     2508       0
                text0                              28B4     28B4       2A     2508       0
                cstackCOMRAM                        501      501        8      501       1
                dataBANK6                           600      600      100      600       1
                bssCOMRAM                           509      509        7      501       1
                cinit                              2794     2794       44     2508       0
                nvCOMRAM                            510      510        3      501       1
                idataBANK6                         2508     2508      100     2508       0

TOTAL           Name                               Link     Load   Length     Space
        CLASS   CODE           
                init                                 1A       1A        4         0
                reset_vec                             0        0        4         0
                ivt0x8                                8        8       12         0
                text16                             2902     2902       22         0
                text15                             2924     2924       20         0
                text14                             27D8     27D8       40         0
                text13                             29AE     29AE        2         0
                text12                             2884     2884       30         0
                text11                             29A2     29A2        8         0
                text10                             2818     2818       3A         0
                text9                              2608     2608       D6         0
                text8                              29AA     29AA        4         0
                text7                              2944     2944       1C         0
                text6                              26DE     26DE       B6         0
                text5                              28DE     28DE       24         0
                text4                              297A     297A       1A         0
                text3                              2994     2994        E         0
                text2                              2852     2852       32         0
                text1                              2960     2960       1A         0
                text0                              28B4     28B4       2A         0
                cinit                              2794     2794       44         0
                idataBANK6                         2508     2508      100         0

        CLASS   CONST          

        CLASS   SMALLCONST     
                smallconst                         2500     2500        8         0

        CLASS   MEDIUMCONST    

        CLASS   COMRAM         
                cstackCOMRAM                        501      501        8         1
                bssCOMRAM                           509      509        7         1
                nvCOMRAM                            510      510        3         1

        CLASS   ABS1           

        CLASS   BIGRAM         

        CLASS   RAM            

        CLASS   BANK5          

        CLASS   BANK6          
                dataBANK6                           600      600      100         1

        CLASS   BANK7          

        CLASS   BANK8          

        CLASS   BANK9          

        CLASS   BANK10         

        CLASS   BANK11         

        CLASS   BANK12         

        CLASS   BANK13         

        CLASS   BANK14         

        CLASS   BANK15         

        CLASS   BANK16         

        CLASS   BANK17         

        CLASS   BANK18         

        CLASS   BANK19         

        CLASS   BANK20         

        CLASS   BANK21         

        CLASS   BANK22         

        CLASS   BANK23         

        CLASS   BANK24         

        CLASS   BANK25         

        CLASS   BANK26         

        CLASS   BANK27         

        CLASS   BANK28         

        CLASS   BANK29         

        CLASS   BANK30         

        CLASS   BANK31         

        CLASS   BANK32         

        CLASS   BANK33         

        CLASS   BANK34         

        CLASS   BANK35         

        CLASS   BANK36         

        CLASS   SFR            

        CLASS   BIGSFR         

        CLASS   CONFIG         
                config                           300000   300000        A         4

        CLASS   IDLOC          
                idloc                            200000   200000       40         5

        CLASS   EEDATA         

        CLASS   FARRAM         

        CLASS   HEAP           

        CLASS   STACK          



SEGMENTS        Name                           Load    Length   Top    Selector   Space  Class

                reset_vec                      000000  000004  000004         0       0  CODE    
                ivt0x8                         000008  000016  00001E         4       0  CODE    
                cstackCOMRAM                   000501  000012  000513       501       1  COMRAM  
                dataBANK6                      000600  000100  000700       600       1  BANK6   
                smallconst                     002500  000008  002508      1280       0  SMALLCON
                idataBANK6                     002508  0004A8  0029B0      2508       0  CODE    


UNUSED ADDRESS RANGES

        Name                Unused          Largest block    Delta
        BANK10           000A00-000AFF              100
        BANK11           000B00-000BFF              100
        BANK12           000C00-000CFF              100
        BANK13           000D00-000DFF              100
        BANK14           000E00-000EFF              100
        BANK15           000F00-000FFF              100
        BANK16           001000-0010FF              100
        BANK17           001100-0011FF              100
        BANK18           001200-0012FF              100
        BANK19           001300-0013FF              100
        BANK20           001400-0014FF              100
        BANK21           001500-0015FF              100
        BANK22           001600-0016FF              100
        BANK23           001700-0017FF              100
        BANK24           001800-0018FF              100
        BANK25           001900-0019FF              100
        BANK26           001A00-001AFF              100
        BANK27           001B00-001BFF              100
        BANK28           001C00-001CFF              100
        BANK29           001D00-001DFF              100
        BANK30           001E00-001EFF              100
        BANK31           001F00-001FFF              100
        BANK32           002000-0020FF              100
        BANK33           002100-0021FF              100
        BANK34           002200-0022FF              100
        BANK35           002300-0023FF              100
        BANK36           002400-0024FF              100
        BANK5            000560-0005FF               A0
        BANK7            000700-0007FF              100
        BANK8            000800-0008FF              100
        BANK9            000900-0009FF              100
        BIGRAM           000513-0005FF               ED
                         000700-0024FF             1E00
        BIGSFR           000000-0004FF              500
                         002500-0025FF              100
        CODE             000004-000007                4
                         00001E-0024FF             24E2
                         0029B0-01FFFF            1D650
        COMRAM           000513-00055F               4D
        CONFIG           30000A-300011                8
        CONST            000004-000007                4
                         00001E-0024FF             24E2
                         0029B0-01FFFF            1D650
        EEDATA           380000-3803FF              400
        MEDIUMCONST      0029B0-00FFFF             D650
                         012500-01FFFF             DB00
        RAM              000560-0005FF               A0
                         000700-0024FF              100
        SFR              000000-0004FF              100
                         002500-0025FF              100
        SMALLCONST       0029B0-01FFFF              100

                                  Symbol Table

IVTBASEH                                  (abs)        00045E
IVTBASEL                                  (abs)        00045D
IVTBASEU                                  (abs)        00045F
SPI1_ExchangeByte@data                    cstackCOMRAM 000501
SPI1_Open@spi1UniqueConfiguration         cstackCOMRAM 000507
TMR2_SetInterruptHandler@InterruptHandler cstackCOMRAM 000506
_ACTCON                                   (abs)        0000AC
_ANSELA                                   (abs)        000400
_ANSELB                                   (abs)        000408
_ANSELC                                   (abs)        000410
_ANSELD                                   (abs)        000418
_ANSELE                                   (abs)        000420
_ANSELF                                   (abs)        000428
_INLVLA                                   (abs)        000404
_INLVLB                                   (abs)        00040C
_INLVLC                                   (abs)        000414
_INLVLD                                   (abs)        00041C
_INLVLE                                   (abs)        000424
_INLVLF                                   (abs)        00042C
_INTCON0bits                              (abs)        0004D6
_INTERRUPT_Initialize                     text8        0029AA
_INTERRUPT_InterruptManager               text10       002818
_LATA                                     (abs)        0004BE
_LATB                                     (abs)        0004BF
_LATC                                     (abs)        0004C0
_LATD                                     (abs)        0004C1
_LATDbits                                 (abs)        0004C1
_LATE                                     (abs)        0004C2
_LATF                                     (abs)        0004C3
_LATFbits                                 (abs)        0004C3
_ODCONA                                   (abs)        000402
_ODCONB                                   (abs)        00040A
_ODCONC                                   (abs)        000412
_ODCOND                                   (abs)        00041A
_ODCONE                                   (abs)        000422
_ODCONF                                   (abs)        00042A
_OSCCON1                                  (abs)        0000AD
_OSCCON3                                  (abs)        0000AF
_OSCEN                                    (abs)        0000B3
_OSCFRQ                                   (abs)        0000B1
_OSCILLATOR_Initialize                    text7        002944
_OSCTUNE                                  (abs)        0000B0
_PIE3bits                                 (abs)        0004A1
_PIN_MANAGER_Initialize                   text6        0026DE
_PIR3bits                                 (abs)        0004B1
_PMD0                                     (abs)        000060
_PMD1                                     (abs)        000061
_PMD3                                     (abs)        000063
_PMD4                                     (abs)        000064
_PMD5                                     (abs)        000065
_PMD6                                     (abs)        000066
_PMD7                                     (abs)        000067
_PMD8                                     (abs)        000068
_PMD_Initialize                           text5        0028DE
_PR2                                      (abs)        000323
_RB1I2C                                   (abs)        000289
_RB2I2C                                   (abs)        000288
_RC3I2C                                   (abs)        000287
_RC4I2C                                   (abs)        000286
_RC4PPS                                   (abs)        000215
_RC6PPS                                   (abs)        000217
_SLRCONA                                  (abs)        000403
_SLRCONB                                  (abs)        00040B
_SLRCONC                                  (abs)        000413
_SLRCOND                                  (abs)        00041B
_SLRCONE                                  (abs)        000423
_SLRCONF                                  (abs)        00042B
_SPI1BAUD                                 (abs)        000089
_SPI1CLK                                  (abs)        00008C
_SPI1CON0                                 (abs)        000084
_SPI1CON0bits                             (abs)        000084
_SPI1CON1                                 (abs)        000085
_SPI1CON2                                 (abs)        000086
_SPI1RXB                                  (abs)        000080
_SPI1SCKPPS                               (abs)        00026A
_SPI1SDIPPS                               (abs)        00026B
_SPI1TCNTL                                (abs)        000082
_SPI1TXB                                  (abs)        000081
_SPI1_ExchangeByte                        text16       002902
_SPI1_Initialize                          text4        00297A
_SPI1_Open                                text9        002608
_SYSTEM_Initialize                        text1        002960
_T2CLKCON                                 (abs)        000326
_T2CON                                    (abs)        000324
_T2CONbits                                (abs)        000324
_T2HLT                                    (abs)        000325
_T2HLTbits                                (abs)        000325
_T2PR                                     (abs)        000323
_T2RST                                    (abs)        000327
_T2RSTbits                                (abs)        000327
_T2TMR                                    (abs)        000322
_TMR2                                     (abs)        000322
_TMR2_CallBack                            text12       002884
_TMR2_DefaultInterruptHandler             text13       0029AE
_TMR2_ISR                                 text11       0029A2
_TMR2_Initialize                          text2        002852
_TMR2_InterruptHandler                    nvCOMRAM     000510
_TMR2_SetInterruptHandler                 text3        002994
_TRISA                                    (abs)        0004C6
_TRISB                                    (abs)        0004C7
_TRISC                                    (abs)        0004C8
_TRISCbits                                (abs)        0004C8
_TRISD                                    (abs)        0004C9
_TRISE                                    (abs)        0004CA
_TRISF                                    (abs)        0004CB
_WPUA                                     (abs)        000401
_WPUB                                     (abs)        000409
_WPUC                                     (abs)        000411
_WPUD                                     (abs)        000419
_WPUE                                     (abs)        000421
_WPUF                                     (abs)        000429
__HRAM                                    (abs)        000000
__Habs1                                   abs1         000000
__Hbank10                                 bank10       000000
__Hbank11                                 bank11       000000
__Hbank12                                 bank12       000000
__Hbank13                                 bank13       000000
__Hbank14                                 bank14       000000
__Hbank15                                 bank15       000000
__Hbank16                                 bank16       000000
__Hbank17                                 bank17       000000
__Hbank18                                 bank18       000000
__Hbank19                                 bank19       000000
__Hbank20                                 bank20       000000
__Hbank21                                 bank21       000000
__Hbank22                                 bank22       000000
__Hbank23                                 bank23       000000
__Hbank24                                 bank24       000000
__Hbank25                                 bank25       000000
__Hbank26                                 bank26       000000
__Hbank27                                 bank27       000000
__Hbank28                                 bank28       000000
__Hbank29                                 bank29       000000
__Hbank30                                 bank30       000000
__Hbank31                                 bank31       000000
__Hbank32                                 bank32       000000
__Hbank33                                 bank33       000000
__Hbank34                                 bank34       000000
__Hbank35                                 bank35       000000
__Hbank36                                 bank36       000000
__Hbank5                                  bank5        000000
__Hbank6                                  bank6        000000
__Hbank7                                  bank7        000000
__Hbank8                                  bank8        000000
__Hbank9                                  bank9        000000
__Hbigbss                                 bigbss       000000
__Hbigdata                                bigdata      000000
__Hbigram                                 bigram       000000
__Hbigsfr                                 bigsfr       000000
__Hbss                                    bss          000000
__HbssCOMRAM                              bssCOMRAM    000000
__Hcinit                                  cinit        000000
__Hclrtext                                clrtext      000000
__Hcomram                                 comram       000000
__Hconfig                                 config       30000A
__Hconst                                  const        000000
__HcstackCOMRAM                           cstackCOMRAM 000000
__Hdata                                   data         000000
__HdataBANK6                              dataBANK6    000000
__Heeprom_data                            eeprom_data  000000
__Hfarbss                                 farbss       000000
__Hfardata                                fardata      000000
__Hheap                                   heap         000000
__Hibigdata                               ibigdata     000000
__Hidata                                  idata        000000
__HidataBANK6                             idataBANK6   000000
__Hidloc                                  idloc        200040
__Hifardata                               ifardata     000000
__Hinit                                   init         00001E
__Hintsave_regs                           intsave_regs 000000
__Hirdata                                 irdata       000000
__Hivt0x8                                 ivt0x8       00001A
__Hmediumconst                            mediumconst  000000
__HnvCOMRAM                               nvCOMRAM     000000
__HnvFARRAM                               nvFARRAM     000000
__Hnvbit                                  nvbit        000000
__Hnvrram                                 nvrram       000000
__Hparam                                  rparam       000000
__Hpowerup                                powerup      000000
__Hram                                    ram          000000
__Hramtop                                 ramtop       002500
__Hrbit                                   rbit         000000
__Hrbss                                   rbss         000000
__Hrdata                                  rdata        000000
__Hreset_vec                              reset_vec    000004
__Hrparam                                 rparam       000000
__Hsfr                                    sfr          000000
__Hsmallconst                             smallconst   002508
__Hspace_0                                (abs)        0029B0
__Hspace_1                                (abs)        000700
__Hspace_2                                (abs)        000000
__Hspace_4                                (abs)        60000A
__Hstack                                  stack        000000
__Hstruct                                 struct       000000
__Htemp                                   temp         000000
__Htext                                   text         000000
__Htext0                                  text0        000000
__Htext1                                  text1        000000
__Htext10                                 text10       000000
__Htext11                                 text11       000000
__Htext12                                 text12       000000
__Htext13                                 text13       000000
__Htext14                                 text14       000000
__Htext15                                 text15       000000
__Htext16                                 text16       000000
__Htext17                                 text17       000000
__Htext2                                  text2        000000
__Htext3                                  text3        000000
__Htext4                                  text4        000000
__Htext5                                  text5        000000
__Htext6                                  text6        000000
__Htext7                                  text7        000000
__Htext8                                  text8        000000
__Htext9                                  text9        000000
__LRAM                                    (abs)        000001
__Labs1                                   abs1         000000
__Lbank10                                 bank10       000000
__Lbank11                                 bank11       000000
__Lbank12                                 bank12       000000
__Lbank13                                 bank13       000000
__Lbank14                                 bank14       000000
__Lbank15                                 bank15       000000
__Lbank16                                 bank16       000000
__Lbank17                                 bank17       000000
__Lbank18                                 bank18       000000
__Lbank19                                 bank19       000000
__Lbank20                                 bank20       000000
__Lbank21                                 bank21       000000
__Lbank22                                 bank22       000000
__Lbank23                                 bank23       000000
__Lbank24                                 bank24       000000
__Lbank25                                 bank25       000000
__Lbank26                                 bank26       000000
__Lbank27                                 bank27       000000
__Lbank28                                 bank28       000000
__Lbank29                                 bank29       000000
__Lbank30                                 bank30       000000
__Lbank31                                 bank31       000000
__Lbank32                                 bank32       000000
__Lbank33                                 bank33       000000
__Lbank34                                 bank34       000000
__Lbank35                                 bank35       000000
__Lbank36                                 bank36       000000
__Lbank5                                  bank5        000000
__Lbank6                                  bank6        000000
__Lbank7                                  bank7        000000
__Lbank8                                  bank8        000000
__Lbank9                                  bank9        000000
__Lbigbss                                 bigbss       000000
__Lbigdata                                bigdata      000000
__Lbigram                                 bigram       000000
__Lbigsfr                                 bigsfr       000000
__Lbss                                    bss          000000
__LbssCOMRAM                              bssCOMRAM    000000
__Lcinit                                  cinit        000000
__Lclrtext                                clrtext      000000
__Lcomram                                 comram       000000
__Lconfig                                 config       000000
__Lconst                                  const        000000
__LcstackCOMRAM                           cstackCOMRAM 000000
__Ldata                                   data         000000
__LdataBANK6                              dataBANK6    000000
__Leeprom_data                            eeprom_data  000000
__Lfarbss                                 farbss       000000
__Lfardata                                fardata      000000
__Lheap                                   heap         000000
__Libigdata                               ibigdata     000000
__Lidata                                  idata        000000
__LidataBANK6                             idataBANK6   000000
__Lidloc                                  idloc        000000
__Lifardata                               ifardata     000000
__Linit                                   init         00001A
__Lintsave_regs                           intsave_regs 000000
__Lirdata                                 irdata       000000
__Livt0x8                                 ivt0x8       000008
__Lmediumconst                            mediumconst  000000
__LnvCOMRAM                               nvCOMRAM     000000
__LnvFARRAM                               nvFARRAM     000000
__Lnvbit                                  nvbit        000000
__Lnvrram                                 nvrram       000000
__Lparam                                  rparam       000000
__Lpowerup                                powerup      000000
__Lram                                    ram          000000
__Lramtop                                 ramtop       002500
__Lrbit                                   rbit         000000
__Lrbss                                   rbss         000000
__Lrdata                                  rdata        000000
__Lreset_vec                              reset_vec    000000
__Lrparam                                 rparam       000000
__Lsfr                                    sfr          000000
__Lsmallconst                             smallconst   002500
__Lspace_0                                (abs)        000000
__Lspace_1                                (abs)        000000
__Lspace_2                                (abs)        000000
__Lspace_4                                (abs)        000000
__Lstack                                  stack        000000
__Lstruct                                 struct       000000
__Ltemp                                   temp         000000
__Ltext                                   text         000000
__Ltext0                                  text0        000000
__Ltext1                                  text1        000000
__Ltext10                                 text10       000000
__Ltext11                                 text11       000000
__Ltext12                                 text12       000000
__Ltext13                                 text13       000000
__Ltext14                                 text14       000000
__Ltext15                                 text15       000000
__Ltext16                                 text16       000000
__Ltext17                                 text17       000000
__Ltext2                                  text2        000000
__Ltext3                                  text3        000000
__Ltext4                                  text4        000000
__Ltext5                                  text5        000000
__Ltext6                                  text6        000000
__Ltext7                                  text7        000000
__Ltext8                                  text8        000000
__Ltext9                                  text9        000000
__S0                                      (abs)        0029B0
__S1                                      (abs)        000700
__S4                                      (abs)        000000
__S5                                      (abs)        000000
___heap_hi                                (abs)        000000
___heap_lo                                (abs)        000000
___inthi_sp                               stack        000000
___intlo_sp                               stack        000000
___param_bank                             (abs)        000000
___rparam_used                            (abs)        000001
___sp                                     stack        000000
__accesstop                               (abs)        000560
__activetblptr                            (abs)        000003
__end_of_INTERRUPT_Initialize             text8        0029AE
__end_of_INTERRUPT_InterruptManager       text10       002852
__end_of_OSCILLATOR_Initialize            text7        002960
__end_of_PIN_MANAGER_Initialize           text6        002794
__end_of_PMD_Initialize                   text5        002902
__end_of_SPI1_ExchangeByte                text16       002924
__end_of_SPI1_Initialize                  text4        002994
__end_of_SPI1_Open                        text9        0026DE
__end_of_SYSTEM_Initialize                text1        00297A
__end_of_TMR2_CallBack                    text12       0028B4
__end_of_TMR2_DefaultInterruptHandler     text13       0029B0
__end_of_TMR2_ISR                         text11       0029AA
__end_of_TMR2_Initialize                  text2        002884
__end_of_TMR2_SetInterruptHandler         text3        0029A2
__end_of__initialization                  cinit        0027D2
__end_of_dac                              text15       002944
__end_of_main                             text0        0028DE
__end_of_spi1_configuration               smallconst   002506
__end_of_updateDac                        text14       002818
__initialization                          cinit        002794
__mediumconst                             mediumconst  000000
__pbssCOMRAM                              bssCOMRAM    000509
__pcinit                                  cinit        002794
__pcstackCOMRAM                           cstackCOMRAM 000501
__pdataBANK6                              dataBANK6    000600
__pidataBANK6                             idataBANK6   002508
__pivt0x8                                 ivt0x8       000008
__pnvCOMRAM                               nvCOMRAM     000510
__psmallconst                             smallconst   002500
__ptext0                                  text0        0028B4
__ptext1                                  text1        002960
__ptext10                                 text10       002818
__ptext11                                 text11       0029A2
__ptext12                                 text12       002884
__ptext13                                 text13       0029AE
__ptext14                                 text14       0027D8
__ptext15                                 text15       002924
__ptext16                                 text16       002902
__ptext17                                 text17       000000
__ptext2                                  text2        002852
__ptext3                                  text3        002994
__ptext4                                  text4        00297A
__ptext5                                  text5        0028DE
__ptext6                                  text6        0026DE
__ptext7                                  text7        002944
__ptext8                                  text8        0029AA
__ptext9                                  text9        002608
__ramtop                                  ramtop       002500
__smallconst                              smallconst   002500
_dac                                      text15       002924
_i                                        bssCOMRAM    00050D
_main                                     text0        0028B4
_sins                                     dataBANK6    000600
_spi1_configuration                       smallconst   002501
_test                                     bssCOMRAM    000509
_u8count                                  bssCOMRAM    00050E
_u8temp                                   bssCOMRAM    00050F
_u8value                                  bssCOMRAM    00050B
_updateDac                                text14       0027D8
dac@value                                 cstackCOMRAM 000502
end_of_initialization                     cinit        0027D2
intlevel0                                 text         000000
intlevel1                                 text         000000
intlevel2                                 text         000000
intlevel3                                 text         000000
isa$std                                   (abs)        000001
isa$xinst                                 (abs)        000000
ivt0x8_base                               ivt0x8       000008
stackhi                                   (abs)        000000
stacklo                                   (abs)        000000
start                                     init         00001A
start_initialization                      cinit        002794


MODULE INFORMATION

Module		Function		Class		Link	Load	Size
mcc_generated_files/tmr2.c
		_TMR2_ISR      		CODE           	29A2	0000	8
		_TMR2_Initialize		CODE           	2852	0000	50
		_TMR2_SetInterruptHandler		CODE           	2994	0000	14
		_TMR2_DefaultInterruptHandler		CODE           	29AE	0000	2
		_TMR2_CallBack 		CODE           	2884	0000	48

mcc_generated_files/tmr2.c estimated size: 122

mcc_generated_files/interrupt_manager.c
		_INTERRUPT_Initialize		CODE           	29AA	0000	4
		_INTERRUPT_InterruptManager		CODE           	2818	0000	58

mcc_generated_files/interrupt_manager.c estimated size: 62

mcc_generated_files/pin_manager.c
		_PIN_MANAGER_Initialize		CODE           	26DE	0000	182

mcc_generated_files/pin_manager.c estimated size: 182

mcc_generated_files/spi1.c
		_SPI1_Open     		CODE           	2608	0000	214
		_SPI1_Initialize		CODE           	297A	0000	26
		_SPI1_ExchangeByte		CODE           	2902	0000	34

mcc_generated_files/spi1.c estimated size: 274

shared
		__initialization		CODE           	2794	0000	62
		_spi1_configuration		SMALLCONST     	2501	0000	5

shared estimated size: 67

mcc_generated_files/mcc.c
		_PMD_Initialize		CODE           	28DE	0000	36
		_OSCILLATOR_Initialize		CODE           	2944	0000	28
		_SYSTEM_Initialize		CODE           	2960	0000	26

mcc_generated_files/mcc.c estimated size: 90

main.c
		_main          		CODE           	28B4	0000	42
		_dac           		CODE           	2924	0000	32
		_updateDac     		CODE           	27D8	0000	64

main.c estimated size: 138

